[otaru.qodeinteractive.com/product/smart-headphones/index.html]
[backblue.gif]
[fade.gif]
[index.html]
[otaru.qodeinteractive.com/wp-content/plugins/instagram-feed/css/sbi-styles.min1b46.css]
[otaru.qodeinteractive.com/wp-content/plugins/otaru-core/inc/icons/elegant-icons/assets/css/elegant-icons.min9b30.css]
[otaru.qodeinteractive.com/product/smart-headphones/feed/index.html]
[otaru.qodeinteractive.com/wp-content/plugins/otaru-core/inc/icons/font-awesome/assets/css/all.min9b30.css]
[otaru.qodeinteractive.com/wp-includes/css/dist/block-library/style.min9b30.css]
[otaru.qodeinteractive.com/wp-content/plugins/woocommerce/packages/woocommerce-blocks/build/wc-blocks-vendors-style519f.css]
[otaru.qodeinteractive.com/wp-content/plugins/woocommerce/packages/woocommerce-blocks/build/wc-blocks-style519f.css]
[otaru.qodeinteractive.com/wp-content/plugins/contact-form-7/includes/css/stylescfaa.css]
[export.qodethemes.com/_toolbar/assets/css/rbt-modules9b30.css]
[otaru.qodeinteractive.com/wp-content/plugins/elementor/assets/lib/swiper/css/swiper.min48f5.css]
[otaru.qodeinteractive.com/wp-content/plugins/qi-addons-for-elementor/assets/css/grid.min9b30.css]
[otaru.qodeinteractive.com/wp-content/plugins/qi-addons-for-elementor/assets/css/helper-parts.min9b30.css]
[otaru.qodeinteractive.com/wp-content/plugins/qi-addons-for-elementor/assets/css/main.min9b30.css]
[otaru.qodeinteractive.com/wp-content/plugins/otaru-core/assets/plugins/perfect-scrollbar/perfect-scrollbar9b30.css]
[otaru.qodeinteractive.com/wp-content/themes/otaru/assets/css/main.min9b30.css]
[otaru.qodeinteractive.com/wp-content/plugins/otaru-core/assets/css/otaru-core.min9b30.css]
[otaru.qodeinteractive.com/wp-content/plugins/otaru-core/assets/plugins/magnific-popup/magnific-popup9b30.css]
[otaru.qodeinteractive.com/wp-content/themes/otaru/assets/css/grid.min9b30.css]
[otaru.qodeinteractive.com/wp-content/themes/otaru/style9b30.css]
[otaru.qodeinteractive.com/wp-content/plugins/otaru-core/inc/plugins/elementor/assets/css/elementor.min9b30.css]
[otaru.qodeinteractive.com/wp-content/plugins/elementor/assets/lib/eicons/css/elementor-icons.min3b94.css]
[otaru.qodeinteractive.com/wp-content/uploads/elementor/css/custom-frontend-lite.minbe6d.css]
[otaru.qodeinteractive.com/wp-content/uploads/elementor/css/post-8776be6d.css]
[otaru.qodeinteractive.com/wp-content/uploads/elementor/css/post-1412b181.css]
[otaru.qodeinteractive.com/wp-content/plugins/qode-zendesk-chat/assets/main9b30.css]
[otaru.qodeinteractive.com/wp-includes/js/jquery/jquery.min3088.js]
[otaru.qodeinteractive.com/wp-includes/js/jquery/jquery-migrate.min5589.js]
[otaru.qodeinteractive.com/wp-content/uploads/2022/09/cropped-Favicon-32x32.png]
[otaru.qodeinteractive.com/wp-content/uploads/2022/09/cropped-Favicon-192x192.png]
[otaru.qodeinteractive.com/wp-content/uploads/2022/09/cropped-Favicon-180x180.png]
[otaru.qodeinteractive.com/wp-content/uploads/2022/05/shop-img-01-1.jpg]
[otaru.qodeinteractive.com/wp-content/uploads/2022/05/shop-img-01-1-680x864.jpg]
[otaru.qodeinteractive.com/wp-content/uploads/2022/08/shop-img-111-1-1.jpg]
[otaru.qodeinteractive.com/wp-content/uploads/2022/08/shop-img-111-1-1-326x326.jpg]
[otaru.qodeinteractive.com/wp-content/uploads/2022/08/shop-img-111-3-1.jpg]
[otaru.qodeinteractive.com/wp-content/uploads/2022/08/shop-img-111-3-1-326x326.jpg]
[otaru.qodeinteractive.com/wp-content/uploads/2022/08/shop-img-111-2-1.jpg]
[otaru.qodeinteractive.com/wp-content/uploads/2022/08/shop-img-111-2-1-326x326.jpg]
[otaru.qodeinteractive.com/wp-content/uploads/2022/05/subscriber-img-02.jpg]
[otaru.qodeinteractive.com/wp-content/uploads/2022/05/shop-img-115a-326x326.jpg]
[otaru.qodeinteractive.com/wp-content/uploads/2022/05/shop-img-10-326x326.jpg]
[otaru.qodeinteractive.com/wp-content/uploads/2022/08/shop-img-114-326x326.jpg]
[otaru.qodeinteractive.com/wp-content/uploads/2022/08/shop-img-115-326x326.jpg]
[otaru.qodeinteractive.com/product/smart-headphones/index9da1.html]
[otaru.qodeinteractive.com/wp-content/uploads/2022/08/logo-footer-img.png]
[otaru.qodeinteractive.com/product/smart-headphones/indexeb5b.html]
[otaru.qodeinteractive.com/wp-content/uploads/2022/05/logo-sidearea.png]
[otaru.qodeinteractive.com/wp-content/uploads/2022/05/instagram-img-01-291x300.jpg]
[otaru.qodeinteractive.com/wp-content/uploads/2022/05/instagram-img-02.jpg]
[otaru.qodeinteractive.com/wp-content/uploads/2022/05/instagram-img-03.jpg]
[otaru.qodeinteractive.com/wp-content/uploads/2022/05/instagram-img-04.jpg]
[otaru.qodeinteractive.com/product/smart-headphones/index72ae.html]
[otaru.qodeinteractive.com/wp-content/uploads/2022/05/instagram-img-05.jpg]
[otaru.qodeinteractive.com/wp-content/uploads/2022/05/instagram-img-06.jpg]
[otaru.qodeinteractive.com/cdn-cgi/scripts/5c5dd728/cloudflare-static/email-decode.min.js]
[otaru.qodeinteractive.com/wp-content/plugins/revslider/public/assets/css/rs60660.css]
[otaru.qodeinteractive.com/wp-content/plugins/anti-spam/assets/js/anti-spama927.js]
[otaru.qodeinteractive.com/wp-content/plugins/contact-form-7/includes/swv/js/indexcfaa.js]
[otaru.qodeinteractive.com/wp-content/plugins/contact-form-7/includes/js/indexcfaa.js]
[export.qodethemes.com/_toolbar/assets/js/rbt-modules9b30.js]
[otaru.qodeinteractive.com/wp-content/plugins/revslider/public/assets/js/rbtools.min0660.js]
[otaru.qodeinteractive.com/wp-content/plugins/revslider/public/assets/js/rs6.min0660.js]
[otaru.qodeinteractive.com/wp-content/plugins/woocommerce/assets/js/jquery-blockui/jquery.blockUI.minb69f.js]
[otaru.qodeinteractive.com/wp-content/plugins/woocommerce/assets/js/frontend/add-to-cart.min56be.js]
[otaru.qodeinteractive.com/wp-content/plugins/woocommerce/assets/js/zoom/jquery.zoom.minc526.js]
[otaru.qodeinteractive.com/wp-content/plugins/woocommerce/assets/js/frontend/single-product.min56be.js]
[otaru.qodeinteractive.com/wp-content/plugins/woocommerce/assets/js/js-cookie/js.cookie.min44bd.js]
[otaru.qodeinteractive.com/wp-content/plugins/woocommerce/assets/js/frontend/woocommerce.min56be.js]
[otaru.qodeinteractive.com/wp-content/plugins/woocommerce/assets/js/frontend/cart-fragments.min56be.js]
[otaru.qodeinteractive.com/wp-includes/js/jquery/ui/core.min3f14.js]
[otaru.qodeinteractive.com/wp-content/plugins/qi-addons-for-elementor/assets/js/main.min9b30.js]
[otaru.qodeinteractive.com/wp-content/plugins/otaru-core/assets/plugins/perfect-scrollbar/perfect-scrollbar.jquery.min9b30.js]
[otaru.qodeinteractive.com/wp-includes/js/hoverIntent.min3e5a.js]
[otaru.qodeinteractive.com/wp-content/plugins/otaru-core/assets/plugins/gsap/gsap.min9b30.js]
[otaru.qodeinteractive.com/wp-content/plugins/otaru-core/assets/plugins/gsap/ScrollTrigger.min9b30.js]
[otaru.qodeinteractive.com/wp-content/plugins/otaru-core/assets/plugins/modernizr/modernizr9b30.js]
[otaru.qodeinteractive.com/wp-content/plugins/qi-addons-for-elementor/inc/shortcodes/parallax-images/assets/js/plugins/jquery.parallax-scroll68b3.js]
[polyfill.io/v2/polyfill.min4678.js]
[otaru.qodeinteractive.com/wp-content/themes/otaru/assets/js/main.min9b30.js]
[otaru.qodeinteractive.com/wp-includes/js/underscore.mind584.js]
[otaru.qodeinteractive.com/wp-content/plugins/otaru-core/inc/maps/assets/js/custom-marker9b30.js]
[otaru.qodeinteractive.com/wp-content/plugins/otaru-core/inc/maps/assets/js/markerclusterer9b30.js]
[otaru.qodeinteractive.com/wp-content/plugins/otaru-core/inc/maps/assets/js/google-map9b30.js]
[otaru.qodeinteractive.com/wp-content/plugins/otaru-core/assets/js/otaru-core.min9b30.js]
[otaru.qodeinteractive.com/wp-content/plugins/otaru-core/assets/plugins/magnific-popup/jquery.magnific-popup.min9b30.js]
[otaru.qodeinteractive.com/wp-content/plugins/qi-addons-for-elementor/assets/plugins/swiper/swiper.min9b30.js]
[otaru.qodeinteractive.com/wp-content/plugins/woocommerce/assets/js/select2/select2.full.min8c06.js]
[otaru.qodeinteractive.com/wp-includes/js/comment-reply.min9b30.js]
[static.zdassets.com/ekr/snippet75eb.js]
[otaru.qodeinteractive.com/wp-content/plugins/elementor/assets/js/webpack.runtime.mine56c.js]
[otaru.qodeinteractive.com/wp-content/plugins/elementor/assets/js/frontend-modules.mine56c.js]
[otaru.qodeinteractive.com/wp-content/plugins/elementor/assets/lib/waypoints/waypoints.min05da.js]
[otaru.qodeinteractive.com/wp-content/plugins/elementor/assets/js/frontend.mine56c.js]
[otaru.qodeinteractive.com/wp-includes/js/dist/vendor/wp-polyfill-inert.min0226.js]
[otaru.qodeinteractive.com/wp-includes/js/dist/vendor/regenerator-runtime.min8fa4.js]
[otaru.qodeinteractive.com/wp-includes/js/dist/vendor/wp-polyfill.min2c7c.js]
[otaru.qodeinteractive.com/wp-includes/js/dist/hooks.min2ebd.js]
[otaru.qodeinteractive.com/wp-includes/js/dist/i18n.minf92f.js]
[otaru.qodeinteractive.com/wp-content/plugins/qi-addons-for-elementor/inc/plugins/elementor/assets/js/elementor9b30.js]
[otaru.qodeinteractive.com/product/smart-headphones/index.html]
[otaru.qodeinteractive.com/wp-content/plugins/instagram-feed/css/sbi-styles.min1b46.css]
[otaru.qodeinteractive.com/wp-content/plugins/otaru-core/inc/icons/elegant-icons/assets/css/elegant-icons.min9b30.css]
[otaru.qodeinteractive.com/wp-content/plugins/otaru-core/inc/icons/font-awesome/assets/css/all.min9b30.css]
[otaru.qodeinteractive.com/wp-includes/css/dist/block-library/style.min9b30.css]
[otaru.qodeinteractive.com/wp-content/plugins/woocommerce/packages/woocommerce-blocks/build/wc-blocks-vendors-style519f.css]
[otaru.qodeinteractive.com/wp-content/plugins/woocommerce/packages/woocommerce-blocks/build/wc-blocks-style519f.css]
[otaru.qodeinteractive.com/wp-content/plugins/contact-form-7/includes/css/stylescfaa.css]
[export.qodethemes.com/_toolbar/assets/css/rbt-modules9b30.css]
[otaru.qodeinteractive.com/wp-content/plugins/elementor/assets/lib/swiper/css/swiper.min48f5.css]
[otaru.qodeinteractive.com/wp-content/plugins/qi-addons-for-elementor/assets/css/grid.min9b30.css]
[otaru.qodeinteractive.com/wp-content/plugins/qi-addons-for-elementor/assets/css/helper-parts.min9b30.css]
[otaru.qodeinteractive.com/wp-content/plugins/qi-addons-for-elementor/assets/css/main.min9b30.css]
[otaru.qodeinteractive.com/wp-content/plugins/otaru-core/assets/plugins/perfect-scrollbar/perfect-scrollbar9b30.css]
[otaru.qodeinteractive.com/wp-content/themes/otaru/assets/css/main.min9b30.css]
[otaru.qodeinteractive.com/wp-content/plugins/otaru-core/inc/plugins/elementor/assets/js/elementor.min9b30.js]
[otaru.qodeinteractive.com/wp-content/plugins/otaru-core/assets/img/dot-mask.png]
[otaru.qodeinteractive.com/wp-content/plugins/otaru-core/assets/css/otaru-core.min9b30.css]
[otaru.qodeinteractive.com/wp-content/plugins/otaru-core/assets/plugins/magnific-popup/magnific-popup9b30.css]
[otaru.qodeinteractive.com/wp-content/themes/otaru/assets/css/grid.min9b30.css]
[otaru.qodeinteractive.com/wp-content/themes/otaru/style9b30.css]
[otaru.qodeinteractive.com/wp-content/plugins/otaru-core/inc/plugins/elementor/assets/css/elementor.min9b30.css]
[otaru.qodeinteractive.com/wp-content/plugins/elementor/assets/lib/eicons/css/elementor-icons.min3b94.css]
[otaru.qodeinteractive.com/wp-content/uploads/elementor/css/custom-frontend-lite.minbe6d.css]
[otaru.qodeinteractive.com/wp-content/uploads/elementor/css/post-8776be6d.css]
[otaru.qodeinteractive.com/wp-content/uploads/elementor/css/post-1412b181.css]
[otaru.qodeinteractive.com/wp-content/plugins/qode-zendesk-chat/assets/main9b30.css]
[otaru.qodeinteractive.com/wp-content/uploads/2022/05/shop-img-08-326x326.jpg]
[otaru.qodeinteractive.com/wp-content/uploads/2022/08/shop-img-113-326x326.jpg]
[otaru.qodeinteractive.com/wp-content/uploads/2022/08/shop-img-117-326x326.jpg]
[otaru.qodeinteractive.com/product/smart-headphones/index9da1.html]
[otaru.qodeinteractive.com/product/smart-headphones/index5474.html]
[otaru.qodeinteractive.com/product/smart-headphones/indexc9a9.html]
[otaru.qodeinteractive.com/product/smart-headphones/index426a.html]
[otaru.qodeinteractive.com/wp-content/uploads/2022/05/shop-img-05-326x326.jpg]
[otaru.qodeinteractive.com/wp-content/uploads/2022/05/shop-img-07-326x326.jpg]
[otaru.qodeinteractive.com/product/smart-headphones/indexeb5b.html]
[otaru.qodeinteractive.com/wp-content/uploads/2022/05/shop-img-02-326x326.jpg]
[otaru.qodeinteractive.com/product/smart-headphones/indexde33.html]
[otaru.qodeinteractive.com/wp-content/uploads/2022/05/shop-img-09-326x326.jpg]
[otaru.qodeinteractive.com/product/smart-headphones/index72ae.html]
[otaru.qodeinteractive.com/product/smart-headphones/index7716.html]
[otaru.qodeinteractive.com/product/smart-headphones/indexe27b.html]
[otaru.qodeinteractive.com/product/smart-headphones/index7bc4.html]
[otaru.qodeinteractive.com/wp-content/plugins/revslider/public/assets/assets/gridtile.png]
[otaru.qodeinteractive.com/wp-content/plugins/revslider/public/assets/assets/gridtile_white.png]
[otaru.qodeinteractive.com/wp-content/plugins/revslider/public/assets/assets/gridtile_3x3.png]
[otaru.qodeinteractive.com/wp-content/plugins/revslider/public/assets/assets/gridtile_3x3_white.png]
[otaru.qodeinteractive.com/wp-content/plugins/revslider/public/assets/assets/coloredbg.png]
[otaru.qodeinteractive.com/wp-content/plugins/revslider/public/assets/assets/loader.gif]
[otaru.qodeinteractive.com/wp-content/plugins/revslider/public/assets/css/rs60660.css]
[otaru.qodeinteractive.com/wp-content/uploads/2022/05/shop-img-04-326x326.jpg]
[otaru.qodeinteractive.com/product/smart-headphones/index5474.html]
[otaru.qodeinteractive.com/product/smart-headphones/indexc9a9.html]
[otaru.qodeinteractive.com/wp-content/uploads/2022/05/shop-img-06-326x326.jpg]
[otaru.qodeinteractive.com/product/smart-headphones/index426a.html]
[otaru.qodeinteractive.com/product/smart-headphones/indexe99a.html]
[otaru.qodeinteractive.com/wp-content/uploads/2022/05/shop-img-12-326x326.jpg]
[otaru.qodeinteractive.com/wp-content/uploads/2022/05/shop-img-116a-326x326.jpg]
[otaru.qodeinteractive.com/product/smart-headphones/indexde33.html]
[otaru.qodeinteractive.com/product/smart-headphones/index7716.html]
[otaru.qodeinteractive.com/product/smart-headphones/indexe27b.html]
[otaru.qodeinteractive.com/product/smart-headphones/index684d.html]
[otaru.qodeinteractive.com/product/smart-headphones/indexff6a.html]
[otaru.qodeinteractive.com/wp-content/uploads/2022/08/shop-img-116-326x326.jpg]
[otaru.qodeinteractive.com/product/smart-headphones/index7bc4.html]
[otaru.qodeinteractive.com/wp-content/plugins/revslider/public/assets/css/openhand.html]
[otaru.qodeinteractive.com/wp-content/plugins/revslider/public/assets/css/closedhand.html]
[otaru.qodeinteractive.com/product/smart-headphones/index3711.html]
[otaru.qodeinteractive.com/wp-content/uploads/2022/08/shop-img-111-326x326.jpg]
[otaru.qodeinteractive.com/product/smart-headphones/indexe99a.html]
[otaru.qodeinteractive.com/product/smart-headphones/index5ee0.html]
[otaru.qodeinteractive.com/wp-content/uploads/2022/08/shop-img-118-c-326x326.jpg]
[otaru.qodeinteractive.com/product/smart-headphones/index684d.html]
[otaru.qodeinteractive.com/product/smart-headphones/indexff6a.html]
[otaru.qodeinteractive.com/product/smart-headphones/index3711.html]
[otaru.qodeinteractive.com/product/smart-headphones/index5ee0.html]
[otaru.qodeinteractive.com/product/smart-headphones/indexf6bb.html]
[otaru.qodeinteractive.com/product/smart-headphones/indexf6bb.html]
[otaru.qodeinteractive.com/product/smart-headphones/index1215.html]
[otaru.qodeinteractive.com/product/smart-headphones/index1215.html]
